// Jest Snapshot v1, https://goo.gl/fbAQLP

exports[`Offer Offer should render correctly 1`] = `
<div
  className="page"
>
  <div
    style={
      Object {
        "display": "flex",
        "height": "100vh",
      }
    }
  >
    <div
      className="sk-chase"
    >
      <div
        className="sk-chase-dot"
      />
      <div
        className="sk-chase-dot"
      />
      <div
        className="sk-chase-dot"
      />
      <div
        className="sk-chase-dot"
      />
      <div
        className="sk-chase-dot"
      />
      <div
        className="sk-chase-dot"
      />
    </div>
  </div>
</div>
`;
